// Jest Snapshot v1, https://goo.gl/fbAQLP

exports[`<FormGroup/> should render error input 1`] = `
.c0 {
  position: relative;
  margin-bottom: 1.6rem;
}

.c0 .c3 {
  border-color: #DE3163;
}

.c0 .c1 {
  color: #DE3163;
}

.c0 > #popover {
  -webkit-animation-name: fHbZyC;
  animation-name: fHbZyC;
  -webkit-animation-duration: 0.3s;
  animation-duration: 0.3s;
  -webkit-animation-fill-mode: forwards;
  animation-fill-mode: forwards;
  -webkit-animation-timing-function: ease-out;
  animation-timing-function: ease-out;
}

.c2 {
  font-size: 1.5rem;
  font-weight: 700;
  color: #848A8C;
}

.c2[aria-required='true']:after {
  content: ' *';
  color: #DE3163;
}

.c4 {
  display: -webkit-box;
  display: -webkit-flex;
  display: -ms-flexbox;
  display: flex;
  -webkit-align-items: center;
  -webkit-box-align: center;
  -ms-flex-align: center;
  align-items: center;
  border-radius: 0.7rem;
  padding: 0.8rem 1.6rem;
  margin-top: 1.13rem;
  border: 0.1rem solid;
  border-color: #848A8C;
}

.c4:focus-within {
  box-shadow: 0 0 0.5rem #0545AB;
}

.c5 {
  color: #DE3163;
  display: block;
  font-size: 1rem;
  margin-top: 1rem;
}

<div
  class="c0"
>
  <label
    class="c1 c2"
    data-testid="qualquer-label"
    for="nome"
  >
    qualquer-label
  </label>
  <div
    class="c3 c4"
  >
    <input
      id="nome"
    />
  </div>
  <p
    class="c5"
  >
     
    Error message
     
  </p>
</div>
`;
