// Jest Snapshot v1, https://goo.gl/fbAQLP

exports[`it works 1`] = `
.c0 {
  color: red;
}

<header
  className="c0"
>
  Header
</header>
`;
