// Jest Snapshot v1, https://goo.gl/fbAQLP

exports[`<FormLogin/> should render a login form  1`] = `
.c6 {
  -webkit-align-items: center;
  -webkit-box-align: center;
  -ms-flex-align: center;
  align-items: center;
  border: 0;
  color: #FFFFFF;
  display: -webkit-inline-box;
  display: -webkit-inline-flex;
  display: -ms-inline-flexbox;
  display: inline-flex;
  -webkit-box-pack: center;
  -webkit-justify-content: center;
  -ms-flex-pack: center;
  justify-content: center;
  -webkit-text-decoration: none;
  text-decoration: none;
  cursor: pointer;
  text-align: center;
  min-height: 5rem;
  font-size: 2.2rem;
  padding: 0.8rem 4.8rem;
  background: #458FF6;
  border-radius: 0.7rem;
}

.c6:hover {
  background-color: #0545AB;
  -webkit-transition: background-color 0.2s;
  transition: background-color 0.2s;
}

.c5 {
  display: inline-block;
  vertical-align: middle;
  overflow: hidden;
}

.c0 {
  margin-bottom: 1.6rem;
}

.c1 {
  font-size: 1.5rem;
  font-weight: 300;
  color: #848A8C;
  margin-left: 0.8rem;
}

.c2 {
  display: -webkit-box;
  display: -webkit-flex;
  display: -ms-flexbox;
  display: flex;
  -webkit-align-items: center;
  -webkit-box-align: center;
  -ms-flex-align: center;
  align-items: center;
  border-radius: 0.7rem;
  padding: 0.8rem 1.6rem;
  margin-top: 0.8rem;
  border: 0.1rem solid;
  border-color: #848A8C;
}

.c2:focus-within {
  box-shadow: 0 0 0.5rem #0545AB;
}

.c3 {
  color: #000000;
  font-family: Mulish,-apple-system,BlinkMacSystemFont,'Segoe UI',Roboto,Oxygen,Ubuntu,Cantarell,'Open Sans','Helvetica Neue',sans-serif;
  font-size: 1.5rem;
  padding: 0.5rem 0;
  background: transparent;
  border: 0;
  outline: none;
  width: 100%;
}

.c3:disabled {
  cursor: not-allowed;
  color: #828282;
}

.c3:disabled::-webkit-input-placeholder {
  color: currentColor;
}

.c3:disabled::-moz-placeholder {
  color: currentColor;
}

.c3:disabled:-ms-input-placeholder {
  color: currentColor;
}

.c3:disabled::placeholder {
  color: currentColor;
}

.c4 {
  display: -webkit-box;
  display: -webkit-flex;
  display: -ms-flexbox;
  display: flex;
  color: #828282;
  -webkit-order: 1;
  -ms-flex-order: 1;
  order: 1;
}

.c4 > svg {
  width: 2rem;
  height: 100%;
}

<body>
  <div>
    <form>
      <h2>
        Fa√ßa seu login e comece seu atendimento!
      </h2>
      <div
        class="c0"
      >
        <label
          class="c1"
          for="email"
        >
          E-mail
        </label>
        <div
          class="c2"
        >
          <input
            class="c3"
            id="email"
            name="email"
            type="text"
            value=""
          />
        </div>
      </div>
      <div
        class="c0"
      >
        <label
          class="c1"
          for="password"
        >
          Password
        </label>
        <div
          class="c2"
        >
          <div
            class="c4"
            data-testid="icon"
          >
            <svg
              aria-hidden="true"
              aria-label="Mostrar Senha"
              class="c5"
              fill="currentColor"
              focusable="false"
              viewBox="0 0 16 16"
              xmlns="http://www.w3.org/2000/svg"
            >
              <path
                d="M10.5 8a2.5 2.5 0 1 1-5 0 2.5 2.5 0 0 1 5 0z"
              />
              <path
                d="M0 8s3-5.5 8-5.5S16 8 16 8s-3 5.5-8 5.5S0 8 0 8zm8 3.5a3.5 3.5 0 1 0 0-7 3.5 3.5 0 0 0 0 7z"
              />
            </svg>
          </div>
          <input
            class="c3"
            id="password"
            name="password"
            role="password"
            type="password"
            value=""
          />
        </div>
      </div>
      <a
        href="/forgot-password"
      >
        Esqueceu a senha?
      </a>
      <button
        class="c6"
        color="primary"
        radius="square"
        type="submit"
      >
        ENTRAR
      </button>
      <p>
        Quer fazer parte do Me Conta?
      </p>
    </form>
  </div>
</body>
`;
